[athoi21.xyz/spero.html]
[athoi21.xyz/assets/css/bootstrap.min.css]
[athoi21.xyz/assets/css/animate.css]
[cdnjs.cloudflare.com/ajax/libs/font-awesome/4.7.0/css/font-awesome.min.css]
[athoi21.xyz/assets/css/meanmenu.css]
[athoi21.xyz/assets/css/magnific-popup.min.css]
[athoi21.xyz/assets/css/owl.carousel.min.css]
[athoi21.xyz/assets/css/odometer.css]
[athoi21.xyz/assets/css/slick.css]
[athoi21.xyz/assets/css/style.css]
[athoi21.xyz/assets/css/responsive.css]
[athoi21.xyz/assets/js/counter.js]
[backblue.gif]
[fade.gif]
[index.html]
[athoi21.xyz/assets/css/steps-style.css]
[athoi21.xyz/assets/img/favicon2.ico]
[athoi21.xyz/spero.html]
[athoi21.xyz/assets/css/bootstrap.min.css]
[athoi21.xyz/assets/css/animate.css]
[cdnjs.cloudflare.com/ajax/libs/font-awesome/4.7.0/css/font-awesome.min.css]
[athoi21.xyz/assets/css/meanmenu.css]
[athoi21.xyz/assets/css/magnific-popup.min.css]
[athoi21.xyz/assets/css/owl.carousel.min.css]
[athoi21.xyz/assets/css/odometer.css]
[athoi21.xyz/assets/css/slick.css]
[athoi21.xyz/assets/css/owl.video.play.html]
[athoi21.xyz/assets/img/banner-bg1.jpg]
[athoi21.xyz/assets/css/style.css]
[athoi21.xyz/assets/css/responsive.css]
[athoi21.xyz/assets/images/splash.jpg]
[athoi21.xyz/assets/css/steps-style.css]
[adservice.google.de/adsid/integrator59bb.js]
[athoi21.xyz/assets/css/owl.video.play.html]
[athoi21.xyz/assets/images/splash.html]
